// Vitest Snapshot v1, https://vitest.dev/guide/snapshot.html

exports[`Type Layout > should match snapshot 1`] = `
<div>
  <div>
    Test Content
  </div>
  <div
    class="mx-auto max-w-2xl"
  >
    <footer
      data-testid="footer"
    >
      Footer
    </footer>
  </div>
</div>
`;
