// Vitest Snapshot v1, https://vitest.dev/guide/snapshot.html

exports[`TableOfContents > Snapshot > should match snapshot - desktop view 1`] = `
<div>
  <nav
    aria-label="Table of contents"
    class="fixed top-18 left-[calc(100vw/2+424px)] z-40 hidden w-56 xl:block"
    role="navigation"
  >
    <h2
      class="text-foreground px-3 text-sm font-semibold"
    >
      On this page
    </h2>
    <div
      aria-label="Page sections - use arrow keys to navigate"
      class="max-h-[calc(100vh-16rem)] overflow-y-auto py-2"
      role="group"
    >
      <ul
        class="space-y-1"
        role="list"
      >
        <li
          class="mb-0"
        >
          <a
            aria-current="location"
            aria-describedby="current-section-0"
            class="group relative block rounded-md px-3 py-1 text-sm font-medium transition-all text-mirai-red"
            href="#heading-1"
          >
            <span
              aria-hidden="true"
              class="absolute top-1/2 left-0 h-full w-0.5 -translate-y-1/2 transition-all bg-mirai-red"
            />
            <span
              class="relative line-clamp-2"
            >
              Heading 1
            </span>
            <span
              class="sr-only"
              id="current-section-0"
            >
              (current section)
            </span>
          </a>
        </li>
        <li
          class="mb-0"
        >
          <a
            class="group relative block rounded-md px-3 py-1 text-sm font-medium transition-all pl-7 text-foreground-muted hover:text-foreground"
            href="#heading-2"
          >
            <span
              aria-hidden="true"
              class="absolute top-1/2 left-0 h-full w-0.5 -translate-y-1/2 transition-all bg-white/80 dark:bg-neutral-300/80"
            />
            <span
              class="relative line-clamp-2"
            >
              Heading 2
            </span>
          </a>
        </li>
        <li
          class="mb-0"
        >
          <a
            class="group relative block rounded-md px-3 py-1 text-sm font-medium transition-all text-foreground-muted hover:text-foreground"
            href="#heading-3"
          >
            <span
              aria-hidden="true"
              class="absolute top-1/2 left-0 h-full w-0.5 -translate-y-1/2 transition-all bg-white/80 dark:bg-neutral-300/80"
            />
            <span
              class="relative line-clamp-2"
            >
              Heading 3
            </span>
          </a>
        </li>
      </ul>
    </div>
  </nav>
</div>
`;

exports[`TableOfContents > Snapshot > should match snapshot - mobile view 1`] = `
<div>
  <nav
    aria-label="Table of contents"
    class="border-border bg-background-elevated/50 rounded-md border backdrop-blur-sm"
    role="navigation"
  >
    <button
      aria-controls="toc-content"
      aria-describedby="toc-description"
      aria-expanded="false"
      class="text-foreground flex w-full cursor-pointer items-center justify-between rounded-md px-4 py-3 text-sm font-semibold transition-colors hover:bg-background-muted/50"
      type="button"
    >
      <span>
        On this page
      </span>
      <div
        animate="[object Object]"
        aria-hidden="true"
        transition="[object Object]"
      >
        <svg
          class="size-4"
          fill="currentColor"
          height="1em"
          viewBox="0 0 256 256"
          width="1em"
          xmlns="http://www.w3.org/2000/svg"
        >
          <path
            d="M213.66,101.66l-80,80a8,8,0,0,1-11.32,0l-80-80A8,8,0,0,1,53.66,90.34L128,164.69l74.34-74.35a8,8,0,0,1,11.32,11.32Z"
          />
        </svg>
      </div>
    </button>
    <span
      class="sr-only"
      id="toc-description"
    >
      Toggle to 
      show
       table of contents with 
      3
       sections. Use arrow keys to navigate when expanded.
    </span>
  </nav>
</div>
`;
