// Vitest Snapshot v1, https://vitest.dev/guide/snapshot.html

exports[`robots > should match snapshot 1`] = `
{
  "host": "https://dulapahv.dev",
  "rules": [
    {
      "allow": "/",
      "userAgent": "*",
    },
  ],
}
`;
