// Vitest Snapshot v1, https://vitest.dev/guide/snapshot.html

exports[`ThemeSwitcher > Snapshot > should match snapshot with system theme 1`] = `
<div>
  <div
    animate="[object Object]"
    aria-expanded="false"
    aria-label="Theme selection"
    class="ring-border bg-background-elevated/90 fixed right-5 bottom-4 z-50 overflow-hidden rounded-full p-0.5 ring-1 backdrop-blur-xl flex h-7 max-w-7 flex-row justify-start"
    initial="hidden"
    role="group"
    transition="[object Object]"
    variants="[object Object]"
  >
    <button
      aria-describedby="theme-instructions"
      aria-label="System theme, currently selected"
      aria-pressed="true"
      class="relative size-6 shrink-0 cursor-pointer rounded-full transition-colors hover:bg-background-subtle"
      type="button"
      whilehover="[object Object]"
      whiletap="[object Object]"
    >
      <div
        class="bg-background-muted border-border-subtle absolute inset-0 rounded-full border shadow-sm"
        layoutid="activeTheme"
        transition="[object Object]"
      />
      <svg
        aria-hidden="true"
        class="relative m-auto size-4 text-foreground-subtle hover:text-foreground-muted transition-colors"
        fill="currentColor"
        height="1em"
        viewBox="0 0 256 256"
        width="1em"
        xmlns="http://www.w3.org/2000/svg"
      >
        <path
          d="M208,40H48A24,24,0,0,0,24,64V176a24,24,0,0,0,24,24H208a24,24,0,0,0,24-24V64A24,24,0,0,0,208,40Zm8,136a8,8,0,0,1-8,8H48a8,8,0,0,1-8-8V64a8,8,0,0,1,8-8H208a8,8,0,0,1,8,8Zm-48,48a8,8,0,0,1-8,8H96a8,8,0,0,1,0-16h64A8,8,0,0,1,168,224Z"
        />
      </svg>
    </button>
    <button
      aria-describedby="theme-instructions"
      aria-label="Light theme"
      aria-pressed="false"
      class="relative size-6 shrink-0 cursor-pointer rounded-full transition-colors hover:bg-background-subtle"
      type="button"
      whilehover="[object Object]"
      whiletap="[object Object]"
    >
      <svg
        aria-hidden="true"
        class="relative m-auto size-4 text-foreground-subtle hover:text-foreground-muted transition-colors"
        fill="currentColor"
        height="1em"
        viewBox="0 0 256 256"
        width="1em"
        xmlns="http://www.w3.org/2000/svg"
      >
        <path
          d="M120,40V16a8,8,0,0,1,16,0V40a8,8,0,0,1-16,0Zm72,88a64,64,0,1,1-64-64A64.07,64.07,0,0,1,192,128Zm-16,0a48,48,0,1,0-48,48A48.05,48.05,0,0,0,176,128ZM58.34,69.66A8,8,0,0,0,69.66,58.34l-16-16A8,8,0,0,0,42.34,53.66Zm0,116.68-16,16a8,8,0,0,0,11.32,11.32l16-16a8,8,0,0,0-11.32-11.32ZM192,72a8,8,0,0,0,5.66-2.34l16-16a8,8,0,0,0-11.32-11.32l-16,16A8,8,0,0,0,192,72Zm5.66,114.34a8,8,0,0,0-11.32,11.32l16,16a8,8,0,0,0,11.32-11.32ZM48,128a8,8,0,0,0-8-8H16a8,8,0,0,0,0,16H40A8,8,0,0,0,48,128Zm80,80a8,8,0,0,0-8,8v24a8,8,0,0,0,16,0V216A8,8,0,0,0,128,208Zm112-88H216a8,8,0,0,0,0,16h24a8,8,0,0,0,0-16Z"
        />
      </svg>
    </button>
    <button
      aria-describedby="theme-instructions"
      aria-label="Dark theme"
      aria-pressed="false"
      class="relative size-6 shrink-0 cursor-pointer rounded-full transition-colors hover:bg-background-subtle"
      type="button"
      whilehover="[object Object]"
      whiletap="[object Object]"
    >
      <svg
        aria-hidden="true"
        class="relative m-auto size-4 text-foreground-subtle hover:text-foreground-muted transition-colors"
        fill="currentColor"
        height="1em"
        viewBox="0 0 256 256"
        width="1em"
        xmlns="http://www.w3.org/2000/svg"
      >
        <path
          d="M233.54,142.23a8,8,0,0,0-8-2,88.08,88.08,0,0,1-109.8-109.8,8,8,0,0,0-10-10,104.84,104.84,0,0,0-52.91,37A104,104,0,0,0,136,224a103.09,103.09,0,0,0,62.52-20.88,104.84,104.84,0,0,0,37-52.91A8,8,0,0,0,233.54,142.23ZM188.9,190.34A88,88,0,0,1,65.66,67.11a89,89,0,0,1,31.4-26A106,106,0,0,0,96,56,104.11,104.11,0,0,0,200,160a106,106,0,0,0,14.92-1.06A89,89,0,0,1,188.9,190.34Z"
        />
      </svg>
    </button>
    <div
      class="sr-only"
      id="theme-instructions"
    >
      Use arrow keys to navigate between themes
    </div>
    <div
      aria-atomic="true"
      aria-live="polite"
      class="sr-only"
    >
      Theme changed to System theme
    </div>
  </div>
</div>
`;
