// Vitest Snapshot v1, https://vitest.dev/guide/snapshot.html

exports[`content-utils > getContentStats > should match snapshot 1`] = `
{
  "blogs": 2,
  "projects": 2,
  "total": 6,
  "works": 2,
}
`;
